﻿
> app@0.0.0 build
> vite build

[36mvite v8.0.9 [32mbuilding client environment for production...[36m[39m
[2K
transforming...Γ£ô 2123 modules transformed.
node.exe : [31mΓ£ù[39m Build failed in 534ms
At line:1 char:1
+ & "C:\Program Files\nodejs/node.exe" "C:\Program Files\nodejs/node_mo ...
+ ~~~~~~~~~~~~~~~~~~~~~~~~~~~~~~~~~~~~~~~~~~~~~~~~~~~~~~~~~~~~~~~~~~~~~
    + CategoryInfo          : NotSpecified: ([31mΓ£ù[39m Build failed in 534ms:String) [], RemoteException
    + FullyQualifiedErrorId : NativeCommandError
 
[31merror during build:
[31mBuild failed with 1 error:

[plugin vite:css-post]
SyntaxError: [lightningcss minify] Invalid empty selector
112 |    gap: 10px;
113 |    font-size: 1.5rem;
114 |    0% { transform: scale(1); filter: drop-shadow(0 0 5px rgba(255,184,224,0.3)); }
    |    ^
115 |    100% { transform: scale(1.05); filter: drop-shadow(0 0 15px rgba(255,184,224,0.8)); }
116 |  }
    at Module.<anonymous> 
(C:\Users\dell\.gemini\antigravity\scratch\SashAiAnniversary\app\node_modules\lightningcss\node\index.js:56:14)
    at minifyCSS (file:///C:/Users/dell/.gemini/antigravity/scratch/SashAiAnniversary/app/node_modules/vite/dist/node/c
hunks/node.js:21281:59)
    at async finalizeCss (file:///C:/Users/dell/.gemini/antigravity/scratch/SashAiAnniversary/app/node_modules/vite/dis
t/node/chunks/node.js:21127:36)
    at async Promise.all (index 1)
    at async Object.run (file:///C:/Users/dell/.gemini/antigravity/scratch/SashAiAnniversary/app/node_modules/vite/dist
/node/chunks/node.js:2435:22)
    at async PluginContextImpl.renderChunk (file:///C:/Users/dell/.gemini/antigravity/scratch/SashAiAnniversary/app/nod
e_modules/vite/dist/node/chunks/node.js:20663:19)
    at async plugin (file:///C:/Users/dell/.gemini/antigravity/scratch/SashAiAnniversary/app/node_modules/rolldown/dist
/shared/bindingify-input-options-aPVaxNxQ.mjs:1277:16)
    at async plugin.<computed> (file:///C:/Users/dell/.gemini/antigravity/scratch/SashAiAnniversary/app/node_modules/ro
lldown/dist/shared/bindingify-input-options-aPVaxNxQ.mjs:1612:12)[31m
    at aggregateBindingErrorsIntoJsError (file:///C:/Users/dell/.gemini/antigravity/scratch/SashAiAnniversary/app/node_
modules/rolldown/dist/shared/error-DAA7ncC5.mjs:48:18)
    at unwrapBindingResult (file:///C:/Users/dell/.gemini/antigravity/scratch/SashAiAnniversary/app/node_modules/rolldo
wn/dist/shared/error-DAA7ncC5.mjs:18:128)
    at #build (file:///C:/Users/dell/.gemini/antigravity/scratch/SashAiAnniversary/app/node_modules/rolldown/dist/share
d/rolldown-build-BPKCFYpX.mjs:3317:34)
    at async buildEnvironment (file:///C:/Users/dell/.gemini/antigravity/scratch/SashAiAnniversary/app/node_modules/vit
e/dist/node/chunks/node.js:32999:64)
    at async Object.build (file:///C:/Users/dell/.gemini/antigravity/scratch/SashAiAnniversary/app/node_modules/vite/di
st/node/chunks/node.js:33421:19)
    at async Object.buildApp (file:///C:/Users/dell/.gemini/antigravity/scratch/SashAiAnniversary/app/node_modules/vite
/dist/node/chunks/node.js:33418:153)
    at async CAC.<anonymous> 
(file:///C:/Users/dell/.gemini/antigravity/scratch/SashAiAnniversary/app/node_modules/vite/dist/node/cli.js:778:3) {
  errors: [Getter/Setter]
}[39m
